Flow report for VGADriverFinal
Sun Jun  7 22:40:13 2026
Quartus Prime Version 22.1std.1 Build 917 02/14/2023 SC Lite Edition


---------------------
; Table of Contents ;
---------------------
  1. Legal Notice
  2. Flow Summary
  3. Flow Settings
  4. Flow Non-Default Global Settings
  5. Flow Elapsed Time
  6. Flow OS Summary
  7. Flow Log
  8. Flow Messages
  9. Flow Suppressed Messages



----------------
; Legal Notice ;
----------------
Copyright (C) 2023  Intel Corporation. All rights reserved.
Your use of Intel Corporation's design tools, logic functions 
and other software and tools, and any partner logic 
functions, and any output files from any of the foregoing 
(including device programming or simulation files), and any 
associated documentation or information are expressly subject 
to the terms and conditions of the Intel Program License 
Subscription Agreement, the Intel Quartus Prime License Agreement,
the Intel FPGA IP License Agreement, or other applicable license
agreement, including, without limitation, that your use is for
the sole purpose of programming logic devices manufactured by
Intel and sold by Intel or its authorized distributors.  Please
refer to the applicable agreement for further details, at
https://fpgasoftware.intel.com/eula.



+-------------------------------------------------------------------------------------+
; Flow Summary                                                                        ;
+------------------------------------+------------------------------------------------+
; Flow Status                        ; Successful - Sun Jun  7 22:40:10 2026          ;
; Quartus Prime Version              ; 22.1std.1 Build 917 02/14/2023 SC Lite Edition ;
; Revision Name                      ; VGADriverFinal                                 ;
; Top-level Entity Name              ; VGADriver                                      ;
; Family                             ; MAX 10                                         ;
; Device                             ; 10M50DAF484C7G                                 ;
; Timing Models                      ; Final                                          ;
; Total logic elements               ; 172 / 49,760 ( < 1 % )                         ;
;     Total combinational functions  ; 169 / 49,760 ( < 1 % )                         ;
;     Dedicated logic registers      ; 27 / 49,760 ( < 1 % )                          ;
; Total registers                    ; 27                                             ;
; Total pins                         ; 16 / 360 ( 4 % )                               ;
; Total virtual pins                 ; 0                                              ;
; Total memory bits                  ; 786,432 / 1,677,312 ( 47 % )                   ;
; Embedded Multiplier 9-bit elements ; 0 / 288 ( 0 % )                                ;
; Total PLLs                         ; 0 / 4 ( 0 % )                                  ;
; UFM blocks                         ; 0 / 1 ( 0 % )                                  ;
; ADC blocks                         ; 0 / 2 ( 0 % )                                  ;
+------------------------------------+------------------------------------------------+


+-----------------------------------------+
; Flow Settings                           ;
+-------------------+---------------------+
; Option            ; Setting             ;
+-------------------+---------------------+
; Start date & time ; 06/07/2026 22:39:34 ;
; Main task         ; Compilation         ;
; Revision Name     ; VGADriverFinal      ;
+-------------------+---------------------+


+--------------------------------------------------------------------------------------------------------------------------+
; Flow Non-Default Global Settings                                                                                         ;
+-------------------------------------+----------------------------------------+----------------+-------------+------------+
; Assignment Name                     ; Value                                  ; Default Value  ; Entity Name ; Section Id ;
+-------------------------------------+----------------------------------------+----------------+-------------+------------+
; COMPILER_SIGNATURE_ID               ; 125378964583433.178089717419448        ; --             ; --          ; --         ;
; MAX_CORE_JUNCTION_TEMP              ; 85                                     ; --             ; --          ; --         ;
; MIN_CORE_JUNCTION_TEMP              ; 0                                      ; --             ; --          ; --         ;
; MISC_FILE                           ; ROMink.bsf                             ; --             ; --          ; --         ;
; MISC_FILE                           ; ROMink_inst.v                          ; --             ; --          ; --         ;
; MISC_FILE                           ; ROMink_bb.v                            ; --             ; --          ; --         ;
; MISC_FILE                           ; FixedROMink.bsf                        ; --             ; --          ; --         ;
; MISC_FILE                           ; FixedROMink_inst.v                     ; --             ; --          ; --         ;
; MISC_FILE                           ; FixedROMink_bb.v                       ; --             ; --          ; --         ;
; OUTPUT_IO_TIMING_FAR_END_VMEAS      ; Half Signal Swing                      ; --             ; --          ; --         ;
; OUTPUT_IO_TIMING_FAR_END_VMEAS      ; Half Signal Swing                      ; --             ; --          ; --         ;
; OUTPUT_IO_TIMING_NEAR_END_VMEAS     ; Half Vccio                             ; --             ; --          ; --         ;
; OUTPUT_IO_TIMING_NEAR_END_VMEAS     ; Half Vccio                             ; --             ; --          ; --         ;
; PARTITION_COLOR                     ; -- (Not supported for targeted family) ; --             ; VGADriver   ; Top        ;
; PARTITION_FITTER_PRESERVATION_LEVEL ; -- (Not supported for targeted family) ; --             ; VGADriver   ; Top        ;
; PARTITION_NETLIST_TYPE              ; -- (Not supported for targeted family) ; --             ; VGADriver   ; Top        ;
; PROJECT_OUTPUT_DIRECTORY            ; output_files                           ; --             ; --          ; --         ;
; TOP_LEVEL_ENTITY                    ; VGADriver                              ; VGADriverFinal ; --          ; --         ;
+-------------------------------------+----------------------------------------+----------------+-------------+------------+


+--------------------------------------------------------------------------------------------------------------------------+
; Flow Elapsed Time                                                                                                        ;
+----------------------+--------------+-------------------------+---------------------+------------------------------------+
; Module Name          ; Elapsed Time ; Average Processors Used ; Peak Virtual Memory ; Total CPU Time (on all processors) ;
+----------------------+--------------+-------------------------+---------------------+------------------------------------+
; Analysis & Synthesis ; 00:00:07     ; 1.0                     ; 4891 MB             ; 00:00:17                           ;
; Fitter               ; 00:00:23     ; 1.2                     ; 6712 MB             ; 00:00:50                           ;
; Assembler            ; 00:00:03     ; 1.0                     ; 4849 MB             ; 00:00:03                           ;
; Timing Analyzer      ; 00:00:02     ; 1.8                     ; 5011 MB             ; 00:00:03                           ;
; Total                ; 00:00:35     ; --                      ; --                  ; 00:01:13                           ;
+----------------------+--------------+-------------------------+---------------------+------------------------------------+


+------------------------------------------------------------------------------------+
; Flow OS Summary                                                                    ;
+----------------------+------------------+------------+------------+----------------+
; Module Name          ; Machine Hostname ; OS Name    ; OS Version ; Processor type ;
+----------------------+------------------+------------+------------+----------------+
; Analysis & Synthesis ; mylaptop         ; Windows 10 ; 10.0       ; x86_64         ;
; Fitter               ; mylaptop         ; Windows 10 ; 10.0       ; x86_64         ;
; Assembler            ; mylaptop         ; Windows 10 ; 10.0       ; x86_64         ;
; Timing Analyzer      ; mylaptop         ; Windows 10 ; 10.0       ; x86_64         ;
+----------------------+------------------+------------+------------+----------------+


------------
; Flow Log ;
------------
quartus_map --read_settings_files=on --write_settings_files=off VGADriverFinal -c VGADriverFinal
quartus_fit --read_settings_files=off --write_settings_files=off VGADriverFinal -c VGADriverFinal
quartus_asm --read_settings_files=off --write_settings_files=off VGADriverFinal -c VGADriverFinal
quartus_sta VGADriverFinal -c VGADriverFinal



