Analysis & Synthesis report for VGADriverFinal
Sun Jun  7 22:39:41 2026
Quartus Prime Version 22.1std.1 Build 917 02/14/2023 SC Lite Edition


---------------------
; Table of Contents ;
---------------------
  1. Legal Notice
  2. Analysis & Synthesis Summary
  3. Analysis & Synthesis Settings
  4. Parallel Compilation
  5. Analysis & Synthesis Source Files Read
  6. Analysis & Synthesis Resource Usage Summary
  7. Analysis & Synthesis Resource Utilization by Entity
  8. Analysis & Synthesis RAM Summary
  9. Analysis & Synthesis IP Cores Summary
 10. Registers Removed During Synthesis
 11. General Register Statistics
 12. Inverted Register Statistics
 13. Multiplexer Restructuring Statistics (Restructuring Performed)
 14. Source assignments for ROMink:minkhoa|altsyncram:altsyncram_component|altsyncram_64h1:auto_generated
 15. Parameter Settings for User Entity Instance: SyncCounter:sync_counter|HSyncCounter:hsync_counter|Counter:counter_inst
 16. Parameter Settings for User Entity Instance: SyncCounter:sync_counter|HSyncCounter:hsync_counter|Counter:counter_inst|RegisterNBit:register1
 17. Parameter Settings for User Entity Instance: SyncCounter:sync_counter|VSyncCounter:vsync_counter|Counter:counter_inst
 18. Parameter Settings for User Entity Instance: SyncCounter:sync_counter|VSyncCounter:vsync_counter|Counter:counter_inst|RegisterNBit:register1
 19. Parameter Settings for User Entity Instance: ROMink:minkhoa|altsyncram:altsyncram_component
 20. altsyncram Parameter Settings by Entity Instance
 21. Port Connectivity Checks: "ROMink:minkhoa"
 22. Port Connectivity Checks: "AddressConverter:addy_convert"
 23. Port Connectivity Checks: "bigMux:big_mux"
 24. Port Connectivity Checks: "SyncCounter:sync_counter|VSyncCounter:vsync_counter|Counter:counter_inst"
 25. Port Connectivity Checks: "SyncCounter:sync_counter|HSyncCounter:hsync_counter|Counter:counter_inst"
 26. Post-Synthesis Netlist Statistics for Top Partition
 27. Elapsed Time Per Partition
 28. Analysis & Synthesis Messages



----------------
; Legal Notice ;
----------------
Copyright (C) 2023  Intel Corporation. All rights reserved.
Your use of Intel Corporation's design tools, logic functions 
and other software and tools, and any partner logic 
functions, and any output files from any of the foregoing 
(including device programming or simulation files), and any 
associated documentation or information are expressly subject 
to the terms and conditions of the Intel Program License 
Subscription Agreement, the Intel Quartus Prime License Agreement,
the Intel FPGA IP License Agreement, or other applicable license
agreement, including, without limitation, that your use is for
the sole purpose of programming logic devices manufactured by
Intel and sold by Intel or its authorized distributors.  Please
refer to the applicable agreement for further details, at
https://fpgasoftware.intel.com/eula.



+-------------------------------------------------------------------------------------+
; Analysis & Synthesis Summary                                                        ;
+------------------------------------+------------------------------------------------+
; Analysis & Synthesis Status        ; Successful - Sun Jun  7 22:39:41 2026          ;
; Quartus Prime Version              ; 22.1std.1 Build 917 02/14/2023 SC Lite Edition ;
; Revision Name                      ; VGADriverFinal                                 ;
; Top-level Entity Name              ; VGADriver                                      ;
; Family                             ; MAX 10                                         ;
; Total logic elements               ; 172                                            ;
;     Total combinational functions  ; 169                                            ;
;     Dedicated logic registers      ; 27                                             ;
; Total registers                    ; 27                                             ;
; Total pins                         ; 16                                             ;
; Total virtual pins                 ; 0                                              ;
; Total memory bits                  ; 786,432                                        ;
; Embedded Multiplier 9-bit elements ; 0                                              ;
; Total PLLs                         ; 0                                              ;
; UFM blocks                         ; 0                                              ;
; ADC blocks                         ; 0                                              ;
+------------------------------------+------------------------------------------------+


+------------------------------------------------------------------------------------------------------------+
; Analysis & Synthesis Settings                                                                              ;
+------------------------------------------------------------------+--------------------+--------------------+
; Option                                                           ; Setting            ; Default Value      ;
+------------------------------------------------------------------+--------------------+--------------------+
; Device                                                           ; 10M50DAF484C7G     ;                    ;
; Top-level entity name                                            ; VGADriver          ; VGADriverFinal     ;
; Family name                                                      ; MAX 10             ; Cyclone V          ;
; Use smart compilation                                            ; Off                ; Off                ;
; Enable parallel Assembler and Timing Analyzer during compilation ; On                 ; On                 ;
; Enable compact report table                                      ; Off                ; Off                ;
; Restructure Multiplexers                                         ; Auto               ; Auto               ;
; Create Debugging Nodes for IP Cores                              ; Off                ; Off                ;
; Preserve fewer node names                                        ; On                 ; On                 ;
; Intel FPGA IP Evaluation Mode                                    ; Enable             ; Enable             ;
; Verilog Version                                                  ; Verilog_2001       ; Verilog_2001       ;
; VHDL Version                                                     ; VHDL_1993          ; VHDL_1993          ;
; State Machine Processing                                         ; Auto               ; Auto               ;
; Safe State Machine                                               ; Off                ; Off                ;
; Extract Verilog State Machines                                   ; On                 ; On                 ;
; Extract VHDL State Machines                                      ; On                 ; On                 ;
; Ignore Verilog initial constructs                                ; Off                ; Off                ;
; Iteration limit for constant Verilog loops                       ; 5000               ; 5000               ;
; Iteration limit for non-constant Verilog loops                   ; 250                ; 250                ;
; Add Pass-Through Logic to Inferred RAMs                          ; On                 ; On                 ;
; Infer RAMs from Raw Logic                                        ; On                 ; On                 ;
; Parallel Synthesis                                               ; On                 ; On                 ;
; DSP Block Balancing                                              ; Auto               ; Auto               ;
; NOT Gate Push-Back                                               ; On                 ; On                 ;
; Power-Up Don't Care                                              ; On                 ; On                 ;
; Remove Redundant Logic Cells                                     ; Off                ; Off                ;
; Remove Duplicate Registers                                       ; On                 ; On                 ;
; Ignore CARRY Buffers                                             ; Off                ; Off                ;
; Ignore CASCADE Buffers                                           ; Off                ; Off                ;
; Ignore GLOBAL Buffers                                            ; Off                ; Off                ;
; Ignore ROW GLOBAL Buffers                                        ; Off                ; Off                ;
; Ignore LCELL Buffers                                             ; Off                ; Off                ;
; Ignore SOFT Buffers                                              ; On                 ; On                 ;
; Limit AHDL Integers to 32 Bits                                   ; Off                ; Off                ;
; Optimization Technique                                           ; Balanced           ; Balanced           ;
; Carry Chain Length                                               ; 70                 ; 70                 ;
; Auto Carry Chains                                                ; On                 ; On                 ;
; Auto Open-Drain Pins                                             ; On                 ; On                 ;
; Perform WYSIWYG Primitive Resynthesis                            ; Off                ; Off                ;
; Auto ROM Replacement                                             ; On                 ; On                 ;
; Auto RAM Replacement                                             ; On                 ; On                 ;
; Auto DSP Block Replacement                                       ; On                 ; On                 ;
; Auto Shift Register Replacement                                  ; Auto               ; Auto               ;
; Allow Shift Register Merging across Hierarchies                  ; Auto               ; Auto               ;
; Auto Clock Enable Replacement                                    ; On                 ; On                 ;
; Strict RAM Replacement                                           ; Off                ; Off                ;
; Allow Synchronous Control Signals                                ; On                 ; On                 ;
; Force Use of Synchronous Clear Signals                           ; Off                ; Off                ;
; Auto RAM Block Balancing                                         ; On                 ; On                 ;
; Auto RAM to Logic Cell Conversion                                ; Off                ; Off                ;
; Auto Resource Sharing                                            ; Off                ; Off                ;
; Allow Any RAM Size For Recognition                               ; Off                ; Off                ;
; Allow Any ROM Size For Recognition                               ; Off                ; Off                ;
; Allow Any Shift Register Size For Recognition                    ; Off                ; Off                ;
; Use LogicLock Constraints during Resource Balancing              ; On                 ; On                 ;
; Ignore translate_off and synthesis_off directives                ; Off                ; Off                ;
; Timing-Driven Synthesis                                          ; On                 ; On                 ;
; Report Parameter Settings                                        ; On                 ; On                 ;
; Report Source Assignments                                        ; On                 ; On                 ;
; Report Connectivity Checks                                       ; On                 ; On                 ;
; Ignore Maximum Fan-Out Assignments                               ; Off                ; Off                ;
; Synchronization Register Chain Length                            ; 2                  ; 2                  ;
; Power Optimization During Synthesis                              ; Normal compilation ; Normal compilation ;
; HDL message level                                                ; Level2             ; Level2             ;
; Suppress Register Optimization Related Messages                  ; Off                ; Off                ;
; Number of Removed Registers Reported in Synthesis Report         ; 5000               ; 5000               ;
; Number of Swept Nodes Reported in Synthesis Report               ; 5000               ; 5000               ;
; Number of Inverted Registers Reported in Synthesis Report        ; 100                ; 100                ;
; Clock MUX Protection                                             ; On                 ; On                 ;
; Auto Gated Clock Conversion                                      ; Off                ; Off                ;
; Block Design Naming                                              ; Auto               ; Auto               ;
; SDC constraint protection                                        ; Off                ; Off                ;
; Synthesis Effort                                                 ; Auto               ; Auto               ;
; Shift Register Replacement - Allow Asynchronous Clear Signal     ; On                 ; On                 ;
; Pre-Mapping Resynthesis Optimization                             ; Off                ; Off                ;
; Analysis & Synthesis Message Level                               ; Medium             ; Medium             ;
; Disable Register Merging Across Hierarchies                      ; Auto               ; Auto               ;
; Resource Aware Inference For Block RAM                           ; On                 ; On                 ;
+------------------------------------------------------------------+--------------------+--------------------+


+------------------------------------------+
; Parallel Compilation                     ;
+----------------------------+-------------+
; Processors                 ; Number      ;
+----------------------------+-------------+
; Number detected on machine ; 24          ;
; Maximum allowed            ; 16          ;
;                            ;             ;
; Average used               ; 1.00        ;
; Maximum used               ; 16          ;
;                            ;             ;
; Usage by Processor         ; % Time Used ;
;     Processor 1            ; 100.0%      ;
;     Processors 2-16        ;   0.0%      ;
+----------------------------+-------------+


+-----------------------------------------------------------------------------------------------------------------------------------------------------------------------------------------+
; Analysis & Synthesis Source Files Read                                                                                                                                                  ;
+----------------------------------+-----------------+----------------------------------------+---------------------------------------------------------------------------------+---------+
; File Name with User-Entered Path ; Used in Netlist ; File Type                              ; File Name with Absolute Path                                                    ; Library ;
+----------------------------------+-----------------+----------------------------------------+---------------------------------------------------------------------------------+---------+
; VGADriver.sv                     ; yes             ; User SystemVerilog HDL File            ; C:/ECE204/victorbranch/VGADriver/VGADriver.sv                                   ;         ;
; Counter.sv                       ; yes             ; User SystemVerilog HDL File            ; C:/ECE204/victorbranch/VGADriver/Counter.sv                                     ;         ;
; RegisterFourBit.sv               ; yes             ; User SystemVerilog HDL File            ; C:/ECE204/victorbranch/VGADriver/RegisterFourBit.sv                             ;         ;
; EnableCounter.sv                 ; yes             ; User SystemVerilog HDL File            ; C:/ECE204/victorbranch/VGADriver/EnableCounter.sv                               ;         ;
; MuxandDecoder.sv                 ; yes             ; User SystemVerilog HDL File            ; C:/ECE204/victorbranch/VGADriver/MuxandDecoder.sv                               ;         ;
; VSyncCounter.sv                  ; yes             ; User SystemVerilog HDL File            ; C:/ECE204/victorbranch/VGADriver/VSyncCounter.sv                                ;         ;
; HSyncCounter.sv                  ; yes             ; User SystemVerilog HDL File            ; C:/ECE204/victorbranch/VGADriver/HSyncCounter.sv                                ;         ;
; SyncCounter.sv                   ; yes             ; User SystemVerilog HDL File            ; C:/ECE204/victorbranch/VGADriver/SyncCounter.sv                                 ;         ;
; ROMink.v                         ; yes             ; User Wizard-Generated File             ; C:/ECE204/victorbranch/VGADriver/ROMink.v                                       ;         ;
; bigMux.sv                        ; yes             ; User SystemVerilog HDL File            ; C:/ECE204/victorbranch/VGADriver/bigMux.sv                                      ;         ;
; AddressConverter.sv              ; yes             ; User SystemVerilog HDL File            ; C:/ECE204/victorbranch/VGADriver/AddressConverter.sv                            ;         ;
; altsyncram.tdf                   ; yes             ; Megafunction                           ; c:/intelfpga_lite/22.1std/quartus/libraries/megafunctions/altsyncram.tdf        ;         ;
; stratix_ram_block.inc            ; yes             ; Megafunction                           ; c:/intelfpga_lite/22.1std/quartus/libraries/megafunctions/stratix_ram_block.inc ;         ;
; lpm_mux.inc                      ; yes             ; Megafunction                           ; c:/intelfpga_lite/22.1std/quartus/libraries/megafunctions/lpm_mux.inc           ;         ;
; lpm_decode.inc                   ; yes             ; Megafunction                           ; c:/intelfpga_lite/22.1std/quartus/libraries/megafunctions/lpm_decode.inc        ;         ;
; aglobal221.inc                   ; yes             ; Megafunction                           ; c:/intelfpga_lite/22.1std/quartus/libraries/megafunctions/aglobal221.inc        ;         ;
; a_rdenreg.inc                    ; yes             ; Megafunction                           ; c:/intelfpga_lite/22.1std/quartus/libraries/megafunctions/a_rdenreg.inc         ;         ;
; altrom.inc                       ; yes             ; Megafunction                           ; c:/intelfpga_lite/22.1std/quartus/libraries/megafunctions/altrom.inc            ;         ;
; altram.inc                       ; yes             ; Megafunction                           ; c:/intelfpga_lite/22.1std/quartus/libraries/megafunctions/altram.inc            ;         ;
; altdpram.inc                     ; yes             ; Megafunction                           ; c:/intelfpga_lite/22.1std/quartus/libraries/megafunctions/altdpram.inc          ;         ;
; db/altsyncram_64h1.tdf           ; yes             ; Auto-Generated Megafunction            ; C:/ECE204/victorbranch/VGADriver/db/altsyncram_64h1.tdf                         ;         ;
; mifdata.mif                      ; yes             ; Auto-Found Memory Initialization File  ; C:/ECE204/victorbranch/VGADriver/mifdata.mif                                    ;         ;
; db/decode_h7a.tdf                ; yes             ; Auto-Generated Megafunction            ; C:/ECE204/victorbranch/VGADriver/db/decode_h7a.tdf                              ;         ;
; db/decode_aj9.tdf                ; yes             ; Auto-Generated Megafunction            ; C:/ECE204/victorbranch/VGADriver/db/decode_aj9.tdf                              ;         ;
; db/mux_g3b.tdf                   ; yes             ; Auto-Generated Megafunction            ; C:/ECE204/victorbranch/VGADriver/db/mux_g3b.tdf                                 ;         ;
+----------------------------------+-----------------+----------------------------------------+---------------------------------------------------------------------------------+---------+


+-----------------------------------------------------------+
; Analysis & Synthesis Resource Usage Summary               ;
+---------------------------------------------+-------------+
; Resource                                    ; Usage       ;
+---------------------------------------------+-------------+
; Estimated Total logic elements              ; 172         ;
;                                             ;             ;
; Total combinational functions               ; 169         ;
; Logic element usage by number of LUT inputs ;             ;
;     -- 4 input functions                    ; 95          ;
;     -- 3 input functions                    ; 34          ;
;     -- <=2 input functions                  ; 40          ;
;                                             ;             ;
; Logic elements by mode                      ;             ;
;     -- normal mode                          ; 130         ;
;     -- arithmetic mode                      ; 39          ;
;                                             ;             ;
; Total registers                             ; 27          ;
;     -- Dedicated logic registers            ; 27          ;
;     -- I/O registers                        ; 0           ;
;                                             ;             ;
; I/O pins                                    ; 16          ;
; Total memory bits                           ; 786432      ;
;                                             ;             ;
; Embedded Multiplier 9-bit elements          ; 0           ;
;                                             ;             ;
; Maximum fan-out node                        ; clock~input ;
; Maximum fan-out                             ; 123         ;
; Total fan-out                               ; 2212        ;
; Average fan-out                             ; 6.83        ;
+---------------------------------------------+-------------+


+----------------------------------------------------------------------------------------------------------------------------------------------------------------------------------------------------------------------------------------------------------------------------------------------------------------------------------------------------+
; Analysis & Synthesis Resource Utilization by Entity                                                                                                                                                                                                                                                                                                ;
+-------------------------------------------+---------------------+---------------------------+-------------+------------+--------------+---------+-----------+------+--------------+------------+-----------------------------------------------------------------------------------------------------------------+------------------+--------------+
; Compilation Hierarchy Node                ; Combinational ALUTs ; Dedicated Logic Registers ; Memory Bits ; UFM Blocks ; DSP Elements ; DSP 9x9 ; DSP 18x18 ; Pins ; Virtual Pins ; ADC blocks ; Full Hierarchy Name                                                                                             ; Entity Name      ; Library Name ;
+-------------------------------------------+---------------------+---------------------------+-------------+------------+--------------+---------+-----------+------+--------------+------------+-----------------------------------------------------------------------------------------------------------------+------------------+--------------+
; |VGADriver                                ; 169 (4)             ; 27 (0)                    ; 786432      ; 0          ; 0            ; 0       ; 0         ; 16   ; 0            ; 0          ; |VGADriver                                                                                                      ; VGADriver        ; work         ;
;    |AddressConverter:addy_convert|        ; 24 (24)             ; 0 (0)                     ; 0           ; 0          ; 0            ; 0       ; 0         ; 0    ; 0            ; 0          ; |VGADriver|AddressConverter:addy_convert                                                                        ; AddressConverter ; work         ;
;    |EnableCounter:enable_counter|         ; 1 (1)               ; 1 (1)                     ; 0           ; 0          ; 0            ; 0       ; 0         ; 0    ; 0            ; 0          ; |VGADriver|EnableCounter:enable_counter                                                                         ; EnableCounter    ; work         ;
;    |ROMink:minkhoa|                       ; 68 (0)              ; 6 (0)                     ; 786432      ; 0          ; 0            ; 0       ; 0         ; 0    ; 0            ; 0          ; |VGADriver|ROMink:minkhoa                                                                                       ; ROMink           ; work         ;
;       |altsyncram:altsyncram_component|   ; 68 (0)              ; 6 (0)                     ; 786432      ; 0          ; 0            ; 0       ; 0         ; 0    ; 0            ; 0          ; |VGADriver|ROMink:minkhoa|altsyncram:altsyncram_component                                                       ; altsyncram       ; work         ;
;          |altsyncram_64h1:auto_generated| ; 68 (0)              ; 6 (6)                     ; 786432      ; 0          ; 0            ; 0       ; 0         ; 0    ; 0            ; 0          ; |VGADriver|ROMink:minkhoa|altsyncram:altsyncram_component|altsyncram_64h1:auto_generated                        ; altsyncram_64h1  ; work         ;
;             |decode_aj9:rden_decode|      ; 8 (8)               ; 0 (0)                     ; 0           ; 0          ; 0            ; 0       ; 0         ; 0    ; 0            ; 0          ; |VGADriver|ROMink:minkhoa|altsyncram:altsyncram_component|altsyncram_64h1:auto_generated|decode_aj9:rden_decode ; decode_aj9       ; work         ;
;             |mux_g3b:mux2|                ; 60 (60)             ; 0 (0)                     ; 0           ; 0          ; 0            ; 0       ; 0         ; 0    ; 0            ; 0          ; |VGADriver|ROMink:minkhoa|altsyncram:altsyncram_component|altsyncram_64h1:auto_generated|mux_g3b:mux2           ; mux_g3b          ; work         ;
;    |SyncCounter:sync_counter|             ; 72 (0)              ; 20 (0)                    ; 0           ; 0          ; 0            ; 0       ; 0         ; 0    ; 0            ; 0          ; |VGADriver|SyncCounter:sync_counter                                                                             ; SyncCounter      ; work         ;
;       |HSyncCounter:hsync_counter|        ; 26 (16)             ; 10 (0)                    ; 0           ; 0          ; 0            ; 0       ; 0         ; 0    ; 0            ; 0          ; |VGADriver|SyncCounter:sync_counter|HSyncCounter:hsync_counter                                                  ; HSyncCounter     ; work         ;
;          |Counter:counter_inst|           ; 10 (0)              ; 10 (0)                    ; 0           ; 0          ; 0            ; 0       ; 0         ; 0    ; 0            ; 0          ; |VGADriver|SyncCounter:sync_counter|HSyncCounter:hsync_counter|Counter:counter_inst                             ; Counter          ; work         ;
;             |RegisterNBit:register1|      ; 10 (10)             ; 10 (10)                   ; 0           ; 0          ; 0            ; 0       ; 0         ; 0    ; 0            ; 0          ; |VGADriver|SyncCounter:sync_counter|HSyncCounter:hsync_counter|Counter:counter_inst|RegisterNBit:register1      ; RegisterNBit     ; work         ;
;       |VSyncCounter:vsync_counter|        ; 46 (25)             ; 10 (0)                    ; 0           ; 0          ; 0            ; 0       ; 0         ; 0    ; 0            ; 0          ; |VGADriver|SyncCounter:sync_counter|VSyncCounter:vsync_counter                                                  ; VSyncCounter     ; work         ;
;          |Counter:counter_inst|           ; 21 (10)             ; 10 (0)                    ; 0           ; 0          ; 0            ; 0       ; 0         ; 0    ; 0            ; 0          ; |VGADriver|SyncCounter:sync_counter|VSyncCounter:vsync_counter|Counter:counter_inst                             ; Counter          ; work         ;
;             |RegisterNBit:register1|      ; 11 (11)             ; 10 (10)                   ; 0           ; 0          ; 0            ; 0       ; 0         ; 0    ; 0            ; 0          ; |VGADriver|SyncCounter:sync_counter|VSyncCounter:vsync_counter|Counter:counter_inst|RegisterNBit:register1      ; RegisterNBit     ; work         ;
+-------------------------------------------+---------------------+---------------------------+-------------+------------+--------------+---------+-----------+------+--------------+------------+-----------------------------------------------------------------------------------------------------------------+------------------+--------------+
Note: For table entries with two numbers listed, the numbers in parentheses indicate the number of resources of the given type used by the specific entity alone. The numbers listed outside of parentheses indicate the total resources of the given type used by the specific entity and all of its sub-entities in the hierarchy.


+---------------------------------------------------------------------------------------------------------------------------------------------------------------------------------------------------+
; Analysis & Synthesis RAM Summary                                                                                                                                                                  ;
+------------------------------------------------------------------------------------------+------+-------------+--------------+--------------+--------------+--------------+---------+-------------+
; Name                                                                                     ; Type ; Mode        ; Port A Depth ; Port A Width ; Port B Depth ; Port B Width ; Size    ; MIF         ;
+------------------------------------------------------------------------------------------+------+-------------+--------------+--------------+--------------+--------------+---------+-------------+
; ROMink:minkhoa|altsyncram:altsyncram_component|altsyncram_64h1:auto_generated|ALTSYNCRAM ; AUTO ; Single Port ; 65536        ; 16           ; --           ; --           ; 1048576 ; mifData.mif ;
+------------------------------------------------------------------------------------------+------+-------------+--------------+--------------+--------------+--------------+---------+-------------+


+-------------------------------------------------------------------------------------------------------------+
; Analysis & Synthesis IP Cores Summary                                                                       ;
+--------+--------------+---------+--------------+--------------+---------------------------+-----------------+
; Vendor ; IP Core Name ; Version ; Release Date ; License Type ; Entity Instance           ; IP Include File ;
+--------+--------------+---------+--------------+--------------+---------------------------+-----------------+
; Altera ; RAM: 1-PORT  ; 22.1    ; N/A          ; N/A          ; |VGADriver|ROMink:minkhoa ; ROMink.v        ;
+--------+--------------+---------+--------------+--------------+---------------------------+-----------------+


+--------------------------------------------------------------------------------------------+
; Registers Removed During Synthesis                                                         ;
+----------------------------------------+---------------------------------------------------+
; Register name                          ; Reason for Removal                                ;
+----------------------------------------+---------------------------------------------------+
; EnableCounter:enable_counter|alternate ; Merged with EnableCounter:enable_counter|enable_n ;
; Total Number of Removed Registers = 1  ;                                                   ;
+----------------------------------------+---------------------------------------------------+


+------------------------------------------------------+
; General Register Statistics                          ;
+----------------------------------------------+-------+
; Statistic                                    ; Value ;
+----------------------------------------------+-------+
; Total registers                              ; 27    ;
; Number of registers using Synchronous Clear  ; 10    ;
; Number of registers using Synchronous Load   ; 0     ;
; Number of registers using Asynchronous Clear ; 21    ;
; Number of registers using Asynchronous Load  ; 0     ;
; Number of registers using Clock Enable       ; 4     ;
; Number of registers using Preset             ; 0     ;
+----------------------------------------------+-------+


+--------------------------------------------------+
; Inverted Register Statistics                     ;
+----------------------------------------+---------+
; Inverted Register                      ; Fan out ;
+----------------------------------------+---------+
; EnableCounter:enable_counter|enable_n  ; 3       ;
; Total number of inverted registers = 1 ;         ;
+----------------------------------------+---------+


+-------------------------------------------------------------------------------------------------------------------------------------------------------------------------------------------------------------------------------+
; Multiplexer Restructuring Statistics (Restructuring Performed)                                                                                                                                                                ;
+--------------------+-----------+---------------+----------------------+------------------------+------------+-----------------------------------------------------------------------------------------------------------------+
; Multiplexer Inputs ; Bus Width ; Baseline Area ; Area if Restructured ; Saving if Restructured ; Registered ; Example Multiplexer Output                                                                                      ;
+--------------------+-----------+---------------+----------------------+------------------------+------------+-----------------------------------------------------------------------------------------------------------------+
; 3:1                ; 10 bits   ; 20 LEs        ; 10 LEs               ; 10 LEs                 ; Yes        ; |VGADriver|SyncCounter:sync_counter|VSyncCounter:vsync_counter|Counter:counter_inst|RegisterNBit:register1|q[9] ;
; 3:1                ; 12 bits   ; 24 LEs        ; 24 LEs               ; 0 LEs                  ; No         ; |VGADriver|bigMux:big_mux|Mux_4:mux_red|y[1]                                                                    ;
; 3:1                ; 4 bits    ; 8 LEs         ; 4 LEs                ; 4 LEs                  ; No         ; |VGADriver|AddressConverter:addy_convert|pixeladdress[4]                                                        ;
; 4:1                ; 4 bits    ; 8 LEs         ; 4 LEs                ; 4 LEs                  ; No         ; |VGADriver|AddressConverter:addy_convert|pixeladdress[0]                                                        ;
+--------------------+-----------+---------------+----------------------+------------------------+------------+-----------------------------------------------------------------------------------------------------------------+


+------------------------------------------------------------------------------------------------------+
; Source assignments for ROMink:minkhoa|altsyncram:altsyncram_component|altsyncram_64h1:auto_generated ;
+---------------------------------+--------------------+------+----------------------------------------+
; Assignment                      ; Value              ; From ; To                                     ;
+---------------------------------+--------------------+------+----------------------------------------+
; OPTIMIZE_POWER_DURING_SYNTHESIS ; NORMAL_COMPILATION ; -    ; -                                      ;
+---------------------------------+--------------------+------+----------------------------------------+


+-----------------------------------------------------------------------------------------------------------------------+
; Parameter Settings for User Entity Instance: SyncCounter:sync_counter|HSyncCounter:hsync_counter|Counter:counter_inst ;
+----------------+-------+----------------------------------------------------------------------------------------------+
; Parameter Name ; Value ; Type                                                                                         ;
+----------------+-------+----------------------------------------------------------------------------------------------+
; N              ; 10    ; Signed Integer                                                                               ;
+----------------+-------+----------------------------------------------------------------------------------------------+
Note: In order to hide this table in the UI and the text report file, please set the "Show Parameter Settings in Synthesis Report" option in "Analysis and Synthesis Settings -> More Settings" to "Off".


+----------------------------------------------------------------------------------------------------------------------------------------------+
; Parameter Settings for User Entity Instance: SyncCounter:sync_counter|HSyncCounter:hsync_counter|Counter:counter_inst|RegisterNBit:register1 ;
+----------------+-------+---------------------------------------------------------------------------------------------------------------------+
; Parameter Name ; Value ; Type                                                                                                                ;
+----------------+-------+---------------------------------------------------------------------------------------------------------------------+
; N              ; 10    ; Signed Integer                                                                                                      ;
+----------------+-------+---------------------------------------------------------------------------------------------------------------------+
Note: In order to hide this table in the UI and the text report file, please set the "Show Parameter Settings in Synthesis Report" option in "Analysis and Synthesis Settings -> More Settings" to "Off".


+-----------------------------------------------------------------------------------------------------------------------+
; Parameter Settings for User Entity Instance: SyncCounter:sync_counter|VSyncCounter:vsync_counter|Counter:counter_inst ;
+----------------+-------+----------------------------------------------------------------------------------------------+
; Parameter Name ; Value ; Type                                                                                         ;
+----------------+-------+----------------------------------------------------------------------------------------------+
; N              ; 10    ; Signed Integer                                                                               ;
+----------------+-------+----------------------------------------------------------------------------------------------+
Note: In order to hide this table in the UI and the text report file, please set the "Show Parameter Settings in Synthesis Report" option in "Analysis and Synthesis Settings -> More Settings" to "Off".


+----------------------------------------------------------------------------------------------------------------------------------------------+
; Parameter Settings for User Entity Instance: SyncCounter:sync_counter|VSyncCounter:vsync_counter|Counter:counter_inst|RegisterNBit:register1 ;
+----------------+-------+---------------------------------------------------------------------------------------------------------------------+
; Parameter Name ; Value ; Type                                                                                                                ;
+----------------+-------+---------------------------------------------------------------------------------------------------------------------+
; N              ; 10    ; Signed Integer                                                                                                      ;
+----------------+-------+---------------------------------------------------------------------------------------------------------------------+
Note: In order to hide this table in the UI and the text report file, please set the "Show Parameter Settings in Synthesis Report" option in "Analysis and Synthesis Settings -> More Settings" to "Off".


+---------------------------------------------------------------------------------------------+
; Parameter Settings for User Entity Instance: ROMink:minkhoa|altsyncram:altsyncram_component ;
+------------------------------------+----------------------+---------------------------------+
; Parameter Name                     ; Value                ; Type                            ;
+------------------------------------+----------------------+---------------------------------+
; BYTE_SIZE_BLOCK                    ; 8                    ; Untyped                         ;
; AUTO_CARRY_CHAINS                  ; ON                   ; AUTO_CARRY                      ;
; IGNORE_CARRY_BUFFERS               ; OFF                  ; IGNORE_CARRY                    ;
; AUTO_CASCADE_CHAINS                ; ON                   ; AUTO_CASCADE                    ;
; IGNORE_CASCADE_BUFFERS             ; OFF                  ; IGNORE_CASCADE                  ;
; WIDTH_BYTEENA                      ; 1                    ; Untyped                         ;
; OPERATION_MODE                     ; SINGLE_PORT          ; Untyped                         ;
; WIDTH_A                            ; 16                   ; Signed Integer                  ;
; WIDTHAD_A                          ; 16                   ; Signed Integer                  ;
; NUMWORDS_A                         ; 65536                ; Signed Integer                  ;
; OUTDATA_REG_A                      ; CLOCK0               ; Untyped                         ;
; ADDRESS_ACLR_A                     ; NONE                 ; Untyped                         ;
; OUTDATA_ACLR_A                     ; NONE                 ; Untyped                         ;
; WRCONTROL_ACLR_A                   ; NONE                 ; Untyped                         ;
; INDATA_ACLR_A                      ; NONE                 ; Untyped                         ;
; BYTEENA_ACLR_A                     ; NONE                 ; Untyped                         ;
; WIDTH_B                            ; 1                    ; Untyped                         ;
; WIDTHAD_B                          ; 1                    ; Untyped                         ;
; NUMWORDS_B                         ; 1                    ; Untyped                         ;
; INDATA_REG_B                       ; CLOCK1               ; Untyped                         ;
; WRCONTROL_WRADDRESS_REG_B          ; CLOCK1               ; Untyped                         ;
; RDCONTROL_REG_B                    ; CLOCK1               ; Untyped                         ;
; ADDRESS_REG_B                      ; CLOCK1               ; Untyped                         ;
; OUTDATA_REG_B                      ; UNREGISTERED         ; Untyped                         ;
; BYTEENA_REG_B                      ; CLOCK1               ; Untyped                         ;
; INDATA_ACLR_B                      ; NONE                 ; Untyped                         ;
; WRCONTROL_ACLR_B                   ; NONE                 ; Untyped                         ;
; ADDRESS_ACLR_B                     ; NONE                 ; Untyped                         ;
; OUTDATA_ACLR_B                     ; NONE                 ; Untyped                         ;
; RDCONTROL_ACLR_B                   ; NONE                 ; Untyped                         ;
; BYTEENA_ACLR_B                     ; NONE                 ; Untyped                         ;
; WIDTH_BYTEENA_A                    ; 1                    ; Signed Integer                  ;
; WIDTH_BYTEENA_B                    ; 1                    ; Untyped                         ;
; RAM_BLOCK_TYPE                     ; AUTO                 ; Untyped                         ;
; BYTE_SIZE                          ; 8                    ; Untyped                         ;
; READ_DURING_WRITE_MODE_MIXED_PORTS ; DONT_CARE            ; Untyped                         ;
; READ_DURING_WRITE_MODE_PORT_A      ; NEW_DATA_NO_NBE_READ ; Untyped                         ;
; READ_DURING_WRITE_MODE_PORT_B      ; NEW_DATA_NO_NBE_READ ; Untyped                         ;
; INIT_FILE                          ; mifData.mif          ; Untyped                         ;
; INIT_FILE_LAYOUT                   ; PORT_A               ; Untyped                         ;
; MAXIMUM_DEPTH                      ; 0                    ; Untyped                         ;
; CLOCK_ENABLE_INPUT_A               ; BYPASS               ; Untyped                         ;
; CLOCK_ENABLE_INPUT_B               ; NORMAL               ; Untyped                         ;
; CLOCK_ENABLE_OUTPUT_A              ; BYPASS               ; Untyped                         ;
; CLOCK_ENABLE_OUTPUT_B              ; NORMAL               ; Untyped                         ;
; CLOCK_ENABLE_CORE_A                ; USE_INPUT_CLKEN      ; Untyped                         ;
; CLOCK_ENABLE_CORE_B                ; USE_INPUT_CLKEN      ; Untyped                         ;
; ENABLE_ECC                         ; FALSE                ; Untyped                         ;
; ECC_PIPELINE_STAGE_ENABLED         ; FALSE                ; Untyped                         ;
; WIDTH_ECCSTATUS                    ; 3                    ; Untyped                         ;
; DEVICE_FAMILY                      ; MAX 10               ; Untyped                         ;
; CBXI_PARAMETER                     ; altsyncram_64h1      ; Untyped                         ;
+------------------------------------+----------------------+---------------------------------+
Note: In order to hide this table in the UI and the text report file, please set the "Show Parameter Settings in Synthesis Report" option in "Analysis and Synthesis Settings -> More Settings" to "Off".


+--------------------------------------------------------------------------------------------+
; altsyncram Parameter Settings by Entity Instance                                           ;
+-------------------------------------------+------------------------------------------------+
; Name                                      ; Value                                          ;
+-------------------------------------------+------------------------------------------------+
; Number of entity instances                ; 1                                              ;
; Entity Instance                           ; ROMink:minkhoa|altsyncram:altsyncram_component ;
;     -- OPERATION_MODE                     ; SINGLE_PORT                                    ;
;     -- WIDTH_A                            ; 16                                             ;
;     -- NUMWORDS_A                         ; 65536                                          ;
;     -- OUTDATA_REG_A                      ; CLOCK0                                         ;
;     -- WIDTH_B                            ; 1                                              ;
;     -- NUMWORDS_B                         ; 1                                              ;
;     -- ADDRESS_REG_B                      ; CLOCK1                                         ;
;     -- OUTDATA_REG_B                      ; UNREGISTERED                                   ;
;     -- RAM_BLOCK_TYPE                     ; AUTO                                           ;
;     -- READ_DURING_WRITE_MODE_MIXED_PORTS ; DONT_CARE                                      ;
+-------------------------------------------+------------------------------------------------+


+-----------------------------------------------------------------------------------------------------------------------------------------------------------------------------------------------------------------+
; Port Connectivity Checks: "ROMink:minkhoa"                                                                                                                                                                      ;
+---------+-------+----------+------------------------------------------------------------------------------------------------------------------------------------------------------------------------------------+
; Port    ; Type  ; Severity ; Details                                                                                                                                                                            ;
+---------+-------+----------+------------------------------------------------------------------------------------------------------------------------------------------------------------------------------------+
; address ; Input ; Warning  ; Input port expression (19 bits) is wider than the input port (16 bits) it drives.  The 3 most-significant bit(s) in the expression will be dangling if they have no other fanouts. ;
; data    ; Input ; Info     ; Stuck at GND                                                                                                                                                                       ;
; wren    ; Input ; Info     ; Stuck at GND                                                                                                                                                                       ;
+---------+-------+----------+------------------------------------------------------------------------------------------------------------------------------------------------------------------------------------+


+--------------------------------------------------------------------------------------------------------------------------------+
; Port Connectivity Checks: "AddressConverter:addy_convert"                                                                      ;
+----------------------+--------+----------+-------------------------------------------------------------------------------------+
; Port                 ; Type   ; Severity ; Details                                                                             ;
+----------------------+--------+----------+-------------------------------------------------------------------------------------+
; pixeladdress[18..16] ; Output ; Info     ; Connected to dangling logic. Logic that only feeds a dangling port will be removed. ;
+----------------------+--------+----------+-------------------------------------------------------------------------------------+


+-------------------------------------------------------------------------------------------------------------------+
; Port Connectivity Checks: "bigMux:big_mux"                                                                        ;
+---------+--------+----------+-------------------------------------------------------------------------------------+
; Port    ; Type   ; Severity ; Details                                                                             ;
+---------+--------+----------+-------------------------------------------------------------------------------------+
; d0      ; Input  ; Info     ; Stuck at GND                                                                        ;
; y[3..0] ; Output ; Info     ; Connected to dangling logic. Logic that only feeds a dangling port will be removed. ;
+---------+--------+----------+-------------------------------------------------------------------------------------+


+-------------------------------------------------------------------------------------------------------------------------------------------------------------------------------------------------------------------+
; Port Connectivity Checks: "SyncCounter:sync_counter|VSyncCounter:vsync_counter|Counter:counter_inst"                                                                                                              ;
+-----------+-------+----------+------------------------------------------------------------------------------------------------------------------------------------------------------------------------------------+
; Port      ; Type  ; Severity ; Details                                                                                                                                                                            ;
+-----------+-------+----------+------------------------------------------------------------------------------------------------------------------------------------------------------------------------------------+
; addBy     ; Input ; Warning  ; Input port expression (32 bits) is wider than the input port (1 bits) it drives.  The 31 most-significant bit(s) in the expression will be dangling if they have no other fanouts. ;
; addBy[-1] ; Input ; Info     ; Stuck at VCC                                                                                                                                                                       ;
+-----------+-------+----------+------------------------------------------------------------------------------------------------------------------------------------------------------------------------------------+


+-------------------------------------------------------------------------------------------------------------------------------------------------------------------------------------------------------------------+
; Port Connectivity Checks: "SyncCounter:sync_counter|HSyncCounter:hsync_counter|Counter:counter_inst"                                                                                                              ;
+-----------+-------+----------+------------------------------------------------------------------------------------------------------------------------------------------------------------------------------------+
; Port      ; Type  ; Severity ; Details                                                                                                                                                                            ;
+-----------+-------+----------+------------------------------------------------------------------------------------------------------------------------------------------------------------------------------------+
; addBy     ; Input ; Warning  ; Input port expression (32 bits) is wider than the input port (1 bits) it drives.  The 31 most-significant bit(s) in the expression will be dangling if they have no other fanouts. ;
; addBy[-1] ; Input ; Info     ; Stuck at VCC                                                                                                                                                                       ;
+-----------+-------+----------+------------------------------------------------------------------------------------------------------------------------------------------------------------------------------------+


+-----------------------------------------------------+
; Post-Synthesis Netlist Statistics for Top Partition ;
+-----------------------+-----------------------------+
; Type                  ; Count                       ;
+-----------------------+-----------------------------+
; boundary_port         ; 16                          ;
; cycloneiii_ff         ; 27                          ;
;     CLR               ; 7                           ;
;     CLR SCLR          ; 10                          ;
;     ENA CLR           ; 4                           ;
;     plain             ; 6                           ;
; cycloneiii_lcell_comb ; 169                         ;
;     arith             ; 39                          ;
;         2 data inputs ; 17                          ;
;         3 data inputs ; 22                          ;
;     normal            ; 130                         ;
;         0 data inputs ; 1                           ;
;         1 data inputs ; 3                           ;
;         2 data inputs ; 19                          ;
;         3 data inputs ; 12                          ;
;         4 data inputs ; 95                          ;
; cycloneiii_ram_block  ; 96                          ;
;                       ;                             ;
; Max LUT depth         ; 8.00                        ;
; Average LUT depth     ; 4.25                        ;
+-----------------------+-----------------------------+


+-------------------------------+
; Elapsed Time Per Partition    ;
+----------------+--------------+
; Partition Name ; Elapsed Time ;
+----------------+--------------+
; Top            ; 00:00:00     ;
+----------------+--------------+


+-------------------------------+
; Analysis & Synthesis Messages ;
+-------------------------------+
Info: *******************************************************************
Info: Running Quartus Prime Analysis & Synthesis
    Info: Version 22.1std.1 Build 917 02/14/2023 SC Lite Edition
    Info: Processing started: Sun Jun  7 22:39:34 2026
Info: Command: quartus_map --read_settings_files=on --write_settings_files=off VGADriverFinal -c VGADriverFinal
Warning (18236): Number of processors has not been specified which may cause overloading on shared machines.  Set the global assignment NUM_PARALLEL_PROCESSORS in your QSF to an appropriate value for best performance.
Info (20030): Parallel compilation is enabled and will use 16 of the 24 processors detected
Info (12021): Found 1 design units, including 1 entities, in source file vgadriver.sv
    Info (12023): Found entity 1: VGADriver File: C:/ECE204/victorbranch/VGADriver/VGADriver.sv Line: 1
Info (12021): Found 1 design units, including 1 entities, in source file counter.sv
    Info (12023): Found entity 1: Counter File: C:/ECE204/victorbranch/VGADriver/Counter.sv Line: 2
Info (12021): Found 1 design units, including 1 entities, in source file registerfourbit.sv
    Info (12023): Found entity 1: RegisterNBit File: C:/ECE204/victorbranch/VGADriver/RegisterFourBit.sv Line: 2
Info (12021): Found 1 design units, including 1 entities, in source file enablecounter.sv
    Info (12023): Found entity 1: EnableCounter File: C:/ECE204/victorbranch/VGADriver/EnableCounter.sv Line: 3
Info (12021): Found 2 design units, including 2 entities, in source file muxanddecoder.sv
    Info (12023): Found entity 1: Mux_4 File: C:/ECE204/victorbranch/VGADriver/MuxandDecoder.sv Line: 1
    Info (12023): Found entity 2: Decoder2_4 File: C:/ECE204/victorbranch/VGADriver/MuxandDecoder.sv Line: 9
Info (12021): Found 1 design units, including 1 entities, in source file vsynccounter.sv
    Info (12023): Found entity 1: VSyncCounter File: C:/ECE204/victorbranch/VGADriver/VSyncCounter.sv Line: 1
Info (12021): Found 1 design units, including 1 entities, in source file hsynccounter.sv
    Info (12023): Found entity 1: HSyncCounter File: C:/ECE204/victorbranch/VGADriver/HSyncCounter.sv Line: 1
Info (12021): Found 1 design units, including 1 entities, in source file synccounter.sv
    Info (12023): Found entity 1: SyncCounter File: C:/ECE204/victorbranch/VGADriver/SyncCounter.sv Line: 1
Info (12021): Found 1 design units, including 1 entities, in source file vgatestbench.sv
    Info (12023): Found entity 1: VgaTestbench File: C:/ECE204/victorbranch/VGADriver/VGATestbench.sv Line: 31
Info (12021): Found 1 design units, including 1 entities, in source file romink.v
    Info (12023): Found entity 1: ROMink File: C:/ECE204/victorbranch/VGADriver/ROMink.v Line: 40
Info (12021): Found 1 design units, including 1 entities, in source file bigmux.sv
    Info (12023): Found entity 1: bigMux File: C:/ECE204/victorbranch/VGADriver/bigMux.sv Line: 1
Info (12021): Found 1 design units, including 1 entities, in source file addressconverter.sv
    Info (12023): Found entity 1: AddressConverter File: C:/ECE204/victorbranch/VGADriver/AddressConverter.sv Line: 1
Info (12021): Found 1 design units, including 1 entities, in source file fixedromink.v
    Info (12023): Found entity 1: FixedROMink File: C:/ECE204/victorbranch/VGADriver/FixedROMink.v Line: 40
Info (12127): Elaborating entity "VGADriver" for the top level hierarchy
Info (12128): Elaborating entity "EnableCounter" for hierarchy "EnableCounter:enable_counter" File: C:/ECE204/victorbranch/VGADriver/VGADriver.sv Line: 32
Info (12128): Elaborating entity "SyncCounter" for hierarchy "SyncCounter:sync_counter" File: C:/ECE204/victorbranch/VGADriver/VGADriver.sv Line: 44
Info (12128): Elaborating entity "HSyncCounter" for hierarchy "SyncCounter:sync_counter|HSyncCounter:hsync_counter" File: C:/ECE204/victorbranch/VGADriver/SyncCounter.sv Line: 25
Warning (10230): Verilog HDL assignment warning at HSyncCounter.sv(18): truncated value with size 32 to match size of target (1) File: C:/ECE204/victorbranch/VGADriver/HSyncCounter.sv Line: 18
Warning (10230): Verilog HDL assignment warning at HSyncCounter.sv(22): truncated value with size 32 to match size of target (1) File: C:/ECE204/victorbranch/VGADriver/HSyncCounter.sv Line: 22
Warning (10230): Verilog HDL assignment warning at HSyncCounter.sv(23): truncated value with size 32 to match size of target (1) File: C:/ECE204/victorbranch/VGADriver/HSyncCounter.sv Line: 23
Warning (10230): Verilog HDL assignment warning at HSyncCounter.sv(24): truncated value with size 32 to match size of target (10) File: C:/ECE204/victorbranch/VGADriver/HSyncCounter.sv Line: 24
Info (12128): Elaborating entity "Counter" for hierarchy "SyncCounter:sync_counter|HSyncCounter:hsync_counter|Counter:counter_inst" File: C:/ECE204/victorbranch/VGADriver/HSyncCounter.sv Line: 36
Info (12128): Elaborating entity "RegisterNBit" for hierarchy "SyncCounter:sync_counter|HSyncCounter:hsync_counter|Counter:counter_inst|RegisterNBit:register1" File: C:/ECE204/victorbranch/VGADriver/Counter.sv Line: 25
Info (12128): Elaborating entity "VSyncCounter" for hierarchy "SyncCounter:sync_counter|VSyncCounter:vsync_counter" File: C:/ECE204/victorbranch/VGADriver/SyncCounter.sv Line: 34
Warning (10230): Verilog HDL assignment warning at VSyncCounter.sv(16): truncated value with size 32 to match size of target (1) File: C:/ECE204/victorbranch/VGADriver/VSyncCounter.sv Line: 16
Warning (10230): Verilog HDL assignment warning at VSyncCounter.sv(17): truncated value with size 32 to match size of target (1) File: C:/ECE204/victorbranch/VGADriver/VSyncCounter.sv Line: 17
Warning (10230): Verilog HDL assignment warning at VSyncCounter.sv(18): truncated value with size 32 to match size of target (1) File: C:/ECE204/victorbranch/VGADriver/VSyncCounter.sv Line: 18
Warning (10230): Verilog HDL assignment warning at VSyncCounter.sv(19): truncated value with size 32 to match size of target (10) File: C:/ECE204/victorbranch/VGADriver/VSyncCounter.sv Line: 19
Info (12128): Elaborating entity "bigMux" for hierarchy "bigMux:big_mux" File: C:/ECE204/victorbranch/VGADriver/VGADriver.sv Line: 52
Info (12128): Elaborating entity "Mux_4" for hierarchy "bigMux:big_mux|Mux_4:mux_top" File: C:/ECE204/victorbranch/VGADriver/bigMux.sv Line: 7
Info (12128): Elaborating entity "AddressConverter" for hierarchy "AddressConverter:addy_convert" File: C:/ECE204/victorbranch/VGADriver/VGADriver.sv Line: 58
Warning (10230): Verilog HDL assignment warning at AddressConverter.sv(9): truncated value with size 32 to match size of target (19) File: C:/ECE204/victorbranch/VGADriver/AddressConverter.sv Line: 9
Info (12128): Elaborating entity "ROMink" for hierarchy "ROMink:minkhoa" File: C:/ECE204/victorbranch/VGADriver/VGADriver.sv Line: 66
Info (12128): Elaborating entity "altsyncram" for hierarchy "ROMink:minkhoa|altsyncram:altsyncram_component" File: C:/ECE204/victorbranch/VGADriver/ROMink.v Line: 86
Info (12130): Elaborated megafunction instantiation "ROMink:minkhoa|altsyncram:altsyncram_component" File: C:/ECE204/victorbranch/VGADriver/ROMink.v Line: 86
Info (12133): Instantiated megafunction "ROMink:minkhoa|altsyncram:altsyncram_component" with the following parameter: File: C:/ECE204/victorbranch/VGADriver/ROMink.v Line: 86
    Info (12134): Parameter "clock_enable_input_a" = "BYPASS"
    Info (12134): Parameter "clock_enable_output_a" = "BYPASS"
    Info (12134): Parameter "init_file" = "mifData.mif"
    Info (12134): Parameter "intended_device_family" = "MAX 10"
    Info (12134): Parameter "lpm_hint" = "ENABLE_RUNTIME_MOD=NO"
    Info (12134): Parameter "lpm_type" = "altsyncram"
    Info (12134): Parameter "numwords_a" = "65536"
    Info (12134): Parameter "operation_mode" = "SINGLE_PORT"
    Info (12134): Parameter "outdata_aclr_a" = "NONE"
    Info (12134): Parameter "outdata_reg_a" = "CLOCK0"
    Info (12134): Parameter "power_up_uninitialized" = "FALSE"
    Info (12134): Parameter "read_during_write_mode_port_a" = "NEW_DATA_NO_NBE_READ"
    Info (12134): Parameter "widthad_a" = "16"
    Info (12134): Parameter "width_a" = "16"
    Info (12134): Parameter "width_byteena_a" = "1"
Info (12021): Found 1 design units, including 1 entities, in source file db/altsyncram_64h1.tdf
    Info (12023): Found entity 1: altsyncram_64h1 File: C:/ECE204/victorbranch/VGADriver/db/altsyncram_64h1.tdf Line: 34
Info (12128): Elaborating entity "altsyncram_64h1" for hierarchy "ROMink:minkhoa|altsyncram:altsyncram_component|altsyncram_64h1:auto_generated" File: c:/intelfpga_lite/22.1std/quartus/libraries/megafunctions/altsyncram.tdf Line: 792
Info (12021): Found 1 design units, including 1 entities, in source file db/decode_h7a.tdf
    Info (12023): Found entity 1: decode_h7a File: C:/ECE204/victorbranch/VGADriver/db/decode_h7a.tdf Line: 23
Info (12128): Elaborating entity "decode_h7a" for hierarchy "ROMink:minkhoa|altsyncram:altsyncram_component|altsyncram_64h1:auto_generated|decode_h7a:decode3" File: C:/ECE204/victorbranch/VGADriver/db/altsyncram_64h1.tdf Line: 45
Info (12021): Found 1 design units, including 1 entities, in source file db/decode_aj9.tdf
    Info (12023): Found entity 1: decode_aj9 File: C:/ECE204/victorbranch/VGADriver/db/decode_aj9.tdf Line: 23
Info (12128): Elaborating entity "decode_aj9" for hierarchy "ROMink:minkhoa|altsyncram:altsyncram_component|altsyncram_64h1:auto_generated|decode_aj9:rden_decode" File: C:/ECE204/victorbranch/VGADriver/db/altsyncram_64h1.tdf Line: 46
Info (12021): Found 1 design units, including 1 entities, in source file db/mux_g3b.tdf
    Info (12023): Found entity 1: mux_g3b File: C:/ECE204/victorbranch/VGADriver/db/mux_g3b.tdf Line: 23
Info (12128): Elaborating entity "mux_g3b" for hierarchy "ROMink:minkhoa|altsyncram:altsyncram_component|altsyncram_64h1:auto_generated|mux_g3b:mux2" File: C:/ECE204/victorbranch/VGADriver/db/altsyncram_64h1.tdf Line: 47
Warning (14284): Synthesized away the following node(s):
    Warning (14285): Synthesized away the following RAM node(s):
        Warning (14320): Synthesized away node "ROMink:minkhoa|altsyncram:altsyncram_component|altsyncram_64h1:auto_generated|ram_block1a0" File: C:/ECE204/victorbranch/VGADriver/db/altsyncram_64h1.tdf Line: 48
        Warning (14320): Synthesized away node "ROMink:minkhoa|altsyncram:altsyncram_component|altsyncram_64h1:auto_generated|ram_block1a1" File: C:/ECE204/victorbranch/VGADriver/db/altsyncram_64h1.tdf Line: 73
        Warning (14320): Synthesized away node "ROMink:minkhoa|altsyncram:altsyncram_component|altsyncram_64h1:auto_generated|ram_block1a2" File: C:/ECE204/victorbranch/VGADriver/db/altsyncram_64h1.tdf Line: 98
        Warning (14320): Synthesized away node "ROMink:minkhoa|altsyncram:altsyncram_component|altsyncram_64h1:auto_generated|ram_block1a3" File: C:/ECE204/victorbranch/VGADriver/db/altsyncram_64h1.tdf Line: 123
        Warning (14320): Synthesized away node "ROMink:minkhoa|altsyncram:altsyncram_component|altsyncram_64h1:auto_generated|ram_block1a16" File: C:/ECE204/victorbranch/VGADriver/db/altsyncram_64h1.tdf Line: 448
        Warning (14320): Synthesized away node "ROMink:minkhoa|altsyncram:altsyncram_component|altsyncram_64h1:auto_generated|ram_block1a17" File: C:/ECE204/victorbranch/VGADriver/db/altsyncram_64h1.tdf Line: 473
        Warning (14320): Synthesized away node "ROMink:minkhoa|altsyncram:altsyncram_component|altsyncram_64h1:auto_generated|ram_block1a18" File: C:/ECE204/victorbranch/VGADriver/db/altsyncram_64h1.tdf Line: 498
        Warning (14320): Synthesized away node "ROMink:minkhoa|altsyncram:altsyncram_component|altsyncram_64h1:auto_generated|ram_block1a19" File: C:/ECE204/victorbranch/VGADriver/db/altsyncram_64h1.tdf Line: 523
        Warning (14320): Synthesized away node "ROMink:minkhoa|altsyncram:altsyncram_component|altsyncram_64h1:auto_generated|ram_block1a32" File: C:/ECE204/victorbranch/VGADriver/db/altsyncram_64h1.tdf Line: 848
        Warning (14320): Synthesized away node "ROMink:minkhoa|altsyncram:altsyncram_component|altsyncram_64h1:auto_generated|ram_block1a33" File: C:/ECE204/victorbranch/VGADriver/db/altsyncram_64h1.tdf Line: 873
        Warning (14320): Synthesized away node "ROMink:minkhoa|altsyncram:altsyncram_component|altsyncram_64h1:auto_generated|ram_block1a34" File: C:/ECE204/victorbranch/VGADriver/db/altsyncram_64h1.tdf Line: 898
        Warning (14320): Synthesized away node "ROMink:minkhoa|altsyncram:altsyncram_component|altsyncram_64h1:auto_generated|ram_block1a35" File: C:/ECE204/victorbranch/VGADriver/db/altsyncram_64h1.tdf Line: 923
        Warning (14320): Synthesized away node "ROMink:minkhoa|altsyncram:altsyncram_component|altsyncram_64h1:auto_generated|ram_block1a48" File: C:/ECE204/victorbranch/VGADriver/db/altsyncram_64h1.tdf Line: 1248
        Warning (14320): Synthesized away node "ROMink:minkhoa|altsyncram:altsyncram_component|altsyncram_64h1:auto_generated|ram_block1a49" File: C:/ECE204/victorbranch/VGADriver/db/altsyncram_64h1.tdf Line: 1273
        Warning (14320): Synthesized away node "ROMink:minkhoa|altsyncram:altsyncram_component|altsyncram_64h1:auto_generated|ram_block1a50" File: C:/ECE204/victorbranch/VGADriver/db/altsyncram_64h1.tdf Line: 1298
        Warning (14320): Synthesized away node "ROMink:minkhoa|altsyncram:altsyncram_component|altsyncram_64h1:auto_generated|ram_block1a51" File: C:/ECE204/victorbranch/VGADriver/db/altsyncram_64h1.tdf Line: 1323
        Warning (14320): Synthesized away node "ROMink:minkhoa|altsyncram:altsyncram_component|altsyncram_64h1:auto_generated|ram_block1a64" File: C:/ECE204/victorbranch/VGADriver/db/altsyncram_64h1.tdf Line: 1648
        Warning (14320): Synthesized away node "ROMink:minkhoa|altsyncram:altsyncram_component|altsyncram_64h1:auto_generated|ram_block1a65" File: C:/ECE204/victorbranch/VGADriver/db/altsyncram_64h1.tdf Line: 1673
        Warning (14320): Synthesized away node "ROMink:minkhoa|altsyncram:altsyncram_component|altsyncram_64h1:auto_generated|ram_block1a66" File: C:/ECE204/victorbranch/VGADriver/db/altsyncram_64h1.tdf Line: 1698
        Warning (14320): Synthesized away node "ROMink:minkhoa|altsyncram:altsyncram_component|altsyncram_64h1:auto_generated|ram_block1a67" File: C:/ECE204/victorbranch/VGADriver/db/altsyncram_64h1.tdf Line: 1723
        Warning (14320): Synthesized away node "ROMink:minkhoa|altsyncram:altsyncram_component|altsyncram_64h1:auto_generated|ram_block1a80" File: C:/ECE204/victorbranch/VGADriver/db/altsyncram_64h1.tdf Line: 2048
        Warning (14320): Synthesized away node "ROMink:minkhoa|altsyncram:altsyncram_component|altsyncram_64h1:auto_generated|ram_block1a81" File: C:/ECE204/victorbranch/VGADriver/db/altsyncram_64h1.tdf Line: 2073
        Warning (14320): Synthesized away node "ROMink:minkhoa|altsyncram:altsyncram_component|altsyncram_64h1:auto_generated|ram_block1a82" File: C:/ECE204/victorbranch/VGADriver/db/altsyncram_64h1.tdf Line: 2098
        Warning (14320): Synthesized away node "ROMink:minkhoa|altsyncram:altsyncram_component|altsyncram_64h1:auto_generated|ram_block1a83" File: C:/ECE204/victorbranch/VGADriver/db/altsyncram_64h1.tdf Line: 2123
        Warning (14320): Synthesized away node "ROMink:minkhoa|altsyncram:altsyncram_component|altsyncram_64h1:auto_generated|ram_block1a96" File: C:/ECE204/victorbranch/VGADriver/db/altsyncram_64h1.tdf Line: 2448
        Warning (14320): Synthesized away node "ROMink:minkhoa|altsyncram:altsyncram_component|altsyncram_64h1:auto_generated|ram_block1a97" File: C:/ECE204/victorbranch/VGADriver/db/altsyncram_64h1.tdf Line: 2473
        Warning (14320): Synthesized away node "ROMink:minkhoa|altsyncram:altsyncram_component|altsyncram_64h1:auto_generated|ram_block1a98" File: C:/ECE204/victorbranch/VGADriver/db/altsyncram_64h1.tdf Line: 2498
        Warning (14320): Synthesized away node "ROMink:minkhoa|altsyncram:altsyncram_component|altsyncram_64h1:auto_generated|ram_block1a99" File: C:/ECE204/victorbranch/VGADriver/db/altsyncram_64h1.tdf Line: 2523
        Warning (14320): Synthesized away node "ROMink:minkhoa|altsyncram:altsyncram_component|altsyncram_64h1:auto_generated|ram_block1a112" File: C:/ECE204/victorbranch/VGADriver/db/altsyncram_64h1.tdf Line: 2848
        Warning (14320): Synthesized away node "ROMink:minkhoa|altsyncram:altsyncram_component|altsyncram_64h1:auto_generated|ram_block1a113" File: C:/ECE204/victorbranch/VGADriver/db/altsyncram_64h1.tdf Line: 2873
        Warning (14320): Synthesized away node "ROMink:minkhoa|altsyncram:altsyncram_component|altsyncram_64h1:auto_generated|ram_block1a114" File: C:/ECE204/victorbranch/VGADriver/db/altsyncram_64h1.tdf Line: 2898
        Warning (14320): Synthesized away node "ROMink:minkhoa|altsyncram:altsyncram_component|altsyncram_64h1:auto_generated|ram_block1a115" File: C:/ECE204/victorbranch/VGADriver/db/altsyncram_64h1.tdf Line: 2923
Warning (12241): 3 hierarchies have connectivity warnings - see the Connectivity Checks report folder
Info (13000): Registers with preset signals will power-up high File: C:/ECE204/victorbranch/VGADriver/EnableCounter.sv Line: 7
Info (13003): DEV_CLRn pin will set, and not reset, register with preset signal due to NOT Gate Push-Back
Info (286030): Timing-Driven Synthesis is running
Info (16010): Generating hard_block partition "hard_block:auto_generated_inst"
    Info (16011): Adding 0 node(s), including 0 DDIO, 0 PLL, 0 transceiver and 0 LCELL
Info (21057): Implemented 284 device resources after synthesis - the final resource count might be different
    Info (21058): Implemented 2 input pins
    Info (21059): Implemented 14 output pins
    Info (21061): Implemented 172 logic cells
    Info (21064): Implemented 96 RAM segments
Info: Quartus Prime Analysis & Synthesis was successful. 0 errors, 45 warnings
    Info: Peak virtual memory: 4891 megabytes
    Info: Processing ended: Sun Jun  7 22:39:42 2026
    Info: Elapsed time: 00:00:08
    Info: Total CPU time (on all processors): 00:00:17


